// Jest Snapshot v1, https://goo.gl/fbAQLP

exports[`SimpleNotice Should match the snapshot 1`] = `
<div>
  <div
    class="MuiPaper-root MuiPaper-elevation MuiPaper-rounded MuiPaper-elevation1 MuiCard-root css-bhp9pd-MuiPaper-root-MuiCard-root"
  >
    <div
      class="MuiCardContent-root css-46bh2p-MuiCardContent-root"
    >
      <p
        class="MuiTypography-root MuiTypography-body1 MuiTypography-gutterBottom css-16m3jxf-MuiTypography-root"
      >
        This is the Notice Title
      </p>
      <div
        class="MuiTypography-root MuiTypography-h5 css-ag7rrr-MuiTypography-root"
      >
        This is the Notice Body
      </div>
    </div>
  </div>
</div>
`;
