// Jest Snapshot v1, https://goo.gl/fbAQLP

exports[`Home Should match snapshot 1`] = `
<div>
  <div>
    <header
      class="MuiPaper-root MuiPaper-elevation MuiPaper-elevation0 MuiAppBar-root MuiAppBar-colorPrimary MuiAppBar-positionFixed mui-fixed css-p22qgb-MuiPaper-root-MuiAppBar-root"
    >
      <div
        class="MuiToolbar-root MuiToolbar-gutters MuiToolbar-regular css-aqslzj-MuiToolbar-root"
      >
        <div
          class="MuiBox-root css-1rr4qq7"
        />
        <a
          class="MuiTypography-root MuiTypography-h6 MuiLink-root MuiLink-underlineNone css-1xo7eac-MuiTypography-root-MuiLink-root"
          href="#"
        >
          Lashair by Samy
        </a>
        <div
          class="MuiBox-root css-urdvyo"
        >
          <a
            class="MuiTypography-root MuiTypography-h6 MuiLink-root MuiLink-underlineNone css-1p3dz7x-MuiTypography-root-MuiLink-root"
            href="#"
          >
            Iniciar Sesion
          </a>
          <a
            class="MuiTypography-root MuiTypography-h6 MuiLink-root MuiLink-underlineNone css-1h5yyq1-MuiTypography-root-MuiLink-root"
            href="#"
          >
            Registrarse
          </a>
        </div>
      </div>
    </header>
    <div
      class="MuiToolbar-root MuiToolbar-gutters MuiToolbar-regular css-gppu2o-MuiToolbar-root"
    />
  </div>
  <section
    class="css-19wmqo9"
  >
    <div
      class="MuiContainer-root MuiContainer-maxWidthLg css-p7auv0-MuiContainer-root"
    >
      <img
        alt="wonder"
        height="80"
        src="productHeroWonder.png"
        width="147"
      />
      <img
        alt="increase priority"
        src="https://images.unsplash.com/photo-1534854638093-bada1813ca19?auto=format&fit=crop&w=1400&q=80"
        style="display: none;"
      />
      <h1
        class="MuiTypography-root MuiTypography-h2 MuiTypography-alignCenter css-tfrjig-MuiTypography-root"
      >
        Lleva tu belleza aun mas lejos
        <span
          class="Typography-markedH2Center-1"
        />
      </h1>
      <h3
        class="MuiTypography-root MuiTypography-h5 MuiTypography-alignCenter css-kx15kg-MuiTypography-root"
      >
        Disfruta de nuestros atractivos servicios
      </h3>
      <a
        class="MuiButton-root MuiButton-contained MuiButton-containedSecondary MuiButton-sizeLarge MuiButton-containedSizeLarge MuiButtonBase-root css-1nthm7c-MuiButtonBase-root-MuiButton-root"
        href="/premium-themes/onepirate/sign-up/"
        tabindex="0"
      >
        Registrarse
        <span
          class="MuiTouchRipple-root css-8je8zh-MuiTouchRipple-root"
        />
      </a>
      <p
        class="MuiTypography-root MuiTypography-body2 css-g3bjyg-MuiTypography-root"
      >
        Descubre la experiencia con Samy
      </p>
      <div
        class="MuiBox-root css-wvalkt"
      />
      <div
        class="MuiBox-root css-qzsf4t"
      />
      <div
        class="MuiBox-root css-426bbn"
      >
        <svg
          aria-hidden="true"
          class="MuiSvgIcon-root MuiSvgIcon-fontSizeMedium css-i4bv87-MuiSvgIcon-root"
          data-testid="ArrowDownwardIcon"
          focusable="false"
          viewBox="0 0 24 24"
        >
          <path
            d="m20 12-1.41-1.41L13 16.17V4h-2v12.17l-5.58-5.59L4 12l8 8 8-8z"
          />
        </svg>
      </div>
    </div>
  </section>
  <section
    class="MuiBox-root css-nm638f"
  >
    <div
      class="MuiContainer-root MuiContainer-maxWidthLg css-1xdaf2d-MuiContainer-root"
    >
      <img
        alt="curvy lines"
        class="MuiBox-root css-1e0ag7j"
        src="productCurvyLines.png"
      />
      <div
        class="MuiGrid-root MuiGrid-container css-11lq3yg-MuiGrid-root"
      >
        <div
          class="MuiGrid-root MuiGrid-container MuiGrid-spacing-xs-5 css-v9705b-MuiGrid-root"
        >
          <div
            class="MuiGrid-root MuiGrid-item MuiGrid-grid-xs-12 MuiGrid-grid-md-4 css-1lj5egr-MuiGrid-root"
          >
            <div
              class="MuiBox-root css-19zp38f"
            >
              <img
                alt="Test + 0"
                class="MuiBox-root css-ducv57"
                src="https://source.unsplash.com/random"
              />
              <h2
                class="MuiTypography-root MuiTypography-h6 css-o7kk83-MuiTypography-root"
              >
                Another Title: 0
              </h2>
              <h3
                class="MuiTypography-root MuiTypography-h5 css-ksffm-MuiTypography-root"
              >
                This is some description for 0
              </h3>
            </div>
          </div>
          <div
            class="MuiGrid-root MuiGrid-item MuiGrid-grid-xs-12 MuiGrid-grid-md-4 css-1lj5egr-MuiGrid-root"
          >
            <div
              class="MuiBox-root css-19zp38f"
            >
              <img
                alt="Test + 1"
                class="MuiBox-root css-ducv57"
                src="https://source.unsplash.com/random"
              />
              <h2
                class="MuiTypography-root MuiTypography-h6 css-o7kk83-MuiTypography-root"
              >
                Another Title: 1
              </h2>
              <h3
                class="MuiTypography-root MuiTypography-h5 css-ksffm-MuiTypography-root"
              >
                This is some description for 1
              </h3>
            </div>
          </div>
          <div
            class="MuiGrid-root MuiGrid-item MuiGrid-grid-xs-12 MuiGrid-grid-md-4 css-1lj5egr-MuiGrid-root"
          >
            <div
              class="MuiBox-root css-19zp38f"
            >
              <img
                alt="Test + 2"
                class="MuiBox-root css-ducv57"
                src="https://source.unsplash.com/random"
              />
              <h2
                class="MuiTypography-root MuiTypography-h6 css-o7kk83-MuiTypography-root"
              >
                Another Title: 2
              </h2>
              <h3
                class="MuiTypography-root MuiTypography-h5 css-ksffm-MuiTypography-root"
              >
                This is some description for 2
              </h3>
            </div>
          </div>
        </div>
        <div
          class="MuiGrid-root MuiGrid-container MuiGrid-spacing-xs-5 css-v9705b-MuiGrid-root"
        >
          <div
            class="MuiGrid-root MuiGrid-item MuiGrid-grid-xs-12 MuiGrid-grid-md-4 css-1lj5egr-MuiGrid-root"
          >
            <div
              class="MuiBox-root css-19zp38f"
            >
              <img
                alt="Test + 3"
                class="MuiBox-root css-ducv57"
                src="https://source.unsplash.com/random"
              />
              <h2
                class="MuiTypography-root MuiTypography-h6 css-o7kk83-MuiTypography-root"
              >
                Another Title: 3
              </h2>
              <h3
                class="MuiTypography-root MuiTypography-h5 css-ksffm-MuiTypography-root"
              >
                This is some description for 3
              </h3>
            </div>
          </div>
          <div
            class="MuiGrid-root MuiGrid-item MuiGrid-grid-xs-12 MuiGrid-grid-md-4 css-1lj5egr-MuiGrid-root"
          >
            <div
              class="MuiBox-root css-19zp38f"
            >
              <img
                alt="Test + 4"
                class="MuiBox-root css-ducv57"
                src="https://source.unsplash.com/random"
              />
              <h2
                class="MuiTypography-root MuiTypography-h6 css-o7kk83-MuiTypography-root"
              >
                Another Title: 4
              </h2>
              <h3
                class="MuiTypography-root MuiTypography-h5 css-ksffm-MuiTypography-root"
              >
                This is some description for 4
              </h3>
            </div>
          </div>
          <div
            class="MuiGrid-root MuiGrid-item MuiGrid-grid-xs-12 MuiGrid-grid-md-4 css-1lj5egr-MuiGrid-root"
          >
            <div
              class="MuiBox-root css-19zp38f"
            >
              <img
                alt="Test + 5"
                class="MuiBox-root css-ducv57"
                src="https://source.unsplash.com/random"
              />
              <h2
                class="MuiTypography-root MuiTypography-h6 css-o7kk83-MuiTypography-root"
              >
                Another Title: 5
              </h2>
              <h3
                class="MuiTypography-root MuiTypography-h5 css-ksffm-MuiTypography-root"
              >
                This is some description for 5
              </h3>
            </div>
          </div>
        </div>
        <div
          class="MuiGrid-root MuiGrid-container MuiGrid-spacing-xs-5 css-v9705b-MuiGrid-root"
        >
          <div
            class="MuiGrid-root MuiGrid-item MuiGrid-grid-xs-12 MuiGrid-grid-md-4 css-1lj5egr-MuiGrid-root"
          >
            <div
              class="MuiBox-root css-19zp38f"
            >
              <img
                alt="Test + 6"
                class="MuiBox-root css-ducv57"
                src="https://source.unsplash.com/random"
              />
              <h2
                class="MuiTypography-root MuiTypography-h6 css-o7kk83-MuiTypography-root"
              >
                Another Title: 6
              </h2>
              <h3
                class="MuiTypography-root MuiTypography-h5 css-ksffm-MuiTypography-root"
              >
                This is some description for 6
              </h3>
            </div>
          </div>
          <div
            class="MuiGrid-root MuiGrid-item MuiGrid-grid-xs-12 MuiGrid-grid-md-4 css-1lj5egr-MuiGrid-root"
          >
            <div
              class="MuiBox-root css-19zp38f"
            >
              <img
                alt="Test + 7"
                class="MuiBox-root css-ducv57"
                src="https://source.unsplash.com/random"
              />
              <h2
                class="MuiTypography-root MuiTypography-h6 css-o7kk83-MuiTypography-root"
              >
                Another Title: 7
              </h2>
              <h3
                class="MuiTypography-root MuiTypography-h5 css-ksffm-MuiTypography-root"
              >
                This is some description for 7
              </h3>
            </div>
          </div>
          <div
            class="MuiGrid-root MuiGrid-item MuiGrid-grid-xs-12 MuiGrid-grid-md-4 css-1lj5egr-MuiGrid-root"
          >
            <div
              class="MuiBox-root css-19zp38f"
            >
              <img
                alt="Test + 8"
                class="MuiBox-root css-ducv57"
                src="https://source.unsplash.com/random"
              />
              <h2
                class="MuiTypography-root MuiTypography-h6 css-o7kk83-MuiTypography-root"
              >
                Another Title: 8
              </h2>
              <h3
                class="MuiTypography-root MuiTypography-h5 css-ksffm-MuiTypography-root"
              >
                This is some description for 8
              </h3>
            </div>
          </div>
        </div>
      </div>
    </div>
  </section>
  <section
    class="MuiContainer-root MuiContainer-maxWidthLg css-idqtlw-MuiContainer-root"
  >
    <h2
      class="MuiTypography-root MuiTypography-h4 MuiTypography-alignCenter css-x9qmap-MuiTypography-root"
    >
      Vea nuestros productos y servicios
      <span
        class="Typography-markedH4Center-3"
      />
    </h2>
    <div
      class="MuiBox-root css-197jfpu"
    >
      <button
        class="MuiButtonBase-root css-17b4s68-MuiButtonBase-root"
        style="width: 24%;"
        tabindex="0"
        type="button"
      >
        <div
          class="MuiBox-root css-1wdjqgy"
        />
        <div
          class="imageBackdrop css-myflv1"
        />
        <div
          class="MuiBox-root css-1yrzk2j"
        >
          <h3
            class="MuiTypography-root MuiTypography-h6 imageTitle css-1v7dj15-MuiTypography-root"
          >
            Para todos los gustos y edades
            <div
              class="imageMarked"
            />
          </h3>
        </div>
        <span
          class="MuiTouchRipple-root css-8je8zh-MuiTouchRipple-root"
        />
      </button>
      <button
        class="MuiButtonBase-root css-17b4s68-MuiButtonBase-root"
        style="width: 40%;"
        tabindex="0"
        type="button"
      >
        <div
          class="MuiBox-root css-1wdjqgy"
        />
        <div
          class="imageBackdrop css-myflv1"
        />
        <div
          class="MuiBox-root css-1yrzk2j"
        >
          <h3
            class="MuiTypography-root MuiTypography-h6 imageTitle css-1v7dj15-MuiTypography-root"
          >
            Estilos Unicos
            <div
              class="imageMarked"
            />
          </h3>
        </div>
        <span
          class="MuiTouchRipple-root css-8je8zh-MuiTouchRipple-root"
        />
      </button>
      <button
        class="MuiButtonBase-root css-17b4s68-MuiButtonBase-root"
        style="width: 28%;"
        tabindex="0"
        type="button"
      >
        <div
          class="MuiBox-root css-1wdjqgy"
        />
        <div
          class="imageBackdrop css-myflv1"
        />
        <div
          class="MuiBox-root css-1yrzk2j"
        >
          <h3
            class="MuiTypography-root MuiTypography-h6 imageTitle css-1v7dj15-MuiTypography-root"
          >
            Y solamente para Ti
            <div
              class="imageMarked"
            />
          </h3>
        </div>
        <span
          class="MuiTouchRipple-root css-8je8zh-MuiTouchRipple-root"
        />
      </button>
    </div>
  </section>
  <section
    class="MuiBox-root css-1lv7ehy"
  >
    <div
      class="MuiContainer-root MuiContainer-maxWidthLg css-1llydmb-MuiContainer-root"
    >
      <img
        alt="curvy lines"
        class="MuiBox-root css-17w9039"
        src="productCurvyLines.png"
      />
      <h2
        class="MuiTypography-root MuiTypography-h4 css-1djlllf-MuiTypography-root"
      >
        How it works
        <span
          class="Typography-markedH4Center-3"
        />
      </h2>
      <div>
        <div
          class="MuiGrid-root MuiGrid-container css-11lq3yg-MuiGrid-root"
        >
          <div
            class="MuiGrid-root MuiGrid-container MuiGrid-spacing-xs-5 css-v9705b-MuiGrid-root"
          >
            <div
              class="MuiGrid-root MuiGrid-item MuiGrid-grid-xs-12 MuiGrid-grid-md-4 css-1lj5egr-MuiGrid-root"
            >
              <div
                class="MuiBox-root css-19zp38f"
              >
                <div
                  class="MuiBox-root css-sjgcuh"
                >
                  0
                  .
                </div>
                <img
                  alt="This is some description for 0"
                  class="MuiBox-root css-3ozjgl"
                  src="https://source.unsplash.com/random"
                />
                <h3
                  class="MuiTypography-root MuiTypography-h5 MuiTypography-alignCenter css-1u420mm-MuiTypography-root"
                >
                  This is some description for 0
                </h3>
              </div>
            </div>
            <div
              class="MuiGrid-root MuiGrid-item MuiGrid-grid-xs-12 MuiGrid-grid-md-4 css-1lj5egr-MuiGrid-root"
            >
              <div
                class="MuiBox-root css-19zp38f"
              >
                <div
                  class="MuiBox-root css-sjgcuh"
                >
                  1
                  .
                </div>
                <img
                  alt="This is some description for 1"
                  class="MuiBox-root css-3ozjgl"
                  src="https://source.unsplash.com/random"
                />
                <h3
                  class="MuiTypography-root MuiTypography-h5 MuiTypography-alignCenter css-1u420mm-MuiTypography-root"
                >
                  This is some description for 1
                </h3>
              </div>
            </div>
            <div
              class="MuiGrid-root MuiGrid-item MuiGrid-grid-xs-12 MuiGrid-grid-md-4 css-1lj5egr-MuiGrid-root"
            >
              <div
                class="MuiBox-root css-19zp38f"
              >
                <div
                  class="MuiBox-root css-sjgcuh"
                >
                  2
                  .
                </div>
                <img
                  alt="This is some description for 2"
                  class="MuiBox-root css-3ozjgl"
                  src="https://source.unsplash.com/random"
                />
                <h3
                  class="MuiTypography-root MuiTypography-h5 MuiTypography-alignCenter css-1u420mm-MuiTypography-root"
                >
                  This is some description for 2
                </h3>
              </div>
            </div>
          </div>
        </div>
      </div>
      <a
        class="MuiButton-root MuiButton-contained MuiButton-containedSecondary MuiButton-sizeLarge MuiButton-containedSizeLarge MuiButtonBase-root css-187nt9k-MuiButtonBase-root-MuiButton-root"
        href="/premium-themes/onepirate/sign-up/"
        tabindex="0"
      >
        Get started
        <span
          class="MuiTouchRipple-root css-8je8zh-MuiTouchRipple-root"
        />
      </a>
    </div>
  </section>
  <section
    class="MuiContainer-root MuiContainer-maxWidthLg css-x8ewp8-MuiContainer-root"
  >
    <div
      class="MuiGrid-root MuiGrid-container css-11lq3yg-MuiGrid-root"
    >
      <div
        class="MuiGrid-root MuiGrid-item MuiGrid-grid-xs-12 MuiGrid-grid-md-6 css-9kejjb-MuiGrid-root"
      >
        <div
          class="MuiBox-root css-123c0nn"
        >
          <form
            class="MuiBox-root css-16r9pk3"
          >
            <h2
              class="MuiTypography-root MuiTypography-h2 MuiTypography-gutterBottom css-3ccwe5-MuiTypography-root"
            >
              Recibe nuestras ofertas
            </h2>
            <h3
              class="MuiTypography-root MuiTypography-h5 css-ksffm-MuiTypography-root"
            >
              No te quedes sin verte mas bella, suscribete a nuestras promociones.
            </h3>
            <div
              class="MuiFormControl-root MuiTextField-root css-1cyqbs2-MuiFormControl-root-MuiTextField-root"
            >
              <div
                class="TextField-root-5 MuiInput-root MuiInputBase-root MuiInputBase-colorPrimary MuiInputBase-formControl css-1t82djz-MuiInputBase-root-MuiInput-root"
              >
                <input
                  aria-invalid="false"
                  class="TextField-input-6 TextField-inputSizeMedium-10 MuiInput-input MuiInputBase-input css-1x51dt5-MuiInputBase-input-MuiInput-input"
                  id="mui-1"
                  placeholder="Tu correo electronico"
                  type="text"
                  value=""
                />
              </div>
            </div>
            <button
              class="MuiButton-root MuiButton-contained MuiButton-containedPrimary MuiButton-sizeMedium MuiButton-containedSizeMedium MuiButtonBase-root css-1577dg6-MuiButtonBase-root-MuiButton-root"
              tabindex="0"
              type="submit"
            >
              !Quiero recibir ofertas!
              <span
                class="MuiTouchRipple-root css-8je8zh-MuiTouchRipple-root"
              />
            </button>
          </form>
        </div>
      </div>
      <div
        class="MuiGrid-root MuiGrid-item MuiGrid-grid-xs-12 MuiGrid-grid-md-6 css-x402of-MuiGrid-root"
      >
        <div
          class="MuiBox-root css-d9tgd3"
        />
        <img
          alt="call to action"
          class="MuiBox-root css-140u80m"
          src="https://images.unsplash.com/photo-1527853787696-f7be74f2e39a?auto=format&fit=crop&w=750&q=80"
        />
      </div>
    </div>
  </section>
  <section
    class="MuiContainer-root MuiContainer-maxWidthLg css-14iqigo-MuiContainer-root"
  >
    <a
      class="MuiButton-root MuiButton-text MuiButton-textPrimary MuiButton-sizeMedium MuiButton-textSizeMedium MuiButtonBase-root  css-1tezyg3-MuiButtonBase-root-MuiButton-root"
      href="https://wa.me/5219996035008"
      tabindex="0"
      target="_blank"
    >
      <span
        class="MuiTypography-root MuiTypography-h4 css-3udzj7-MuiTypography-root"
      >
        Tienes alguna duda? Necesitas ayuda?
      </span>
      <span
        class="MuiTouchRipple-root css-8je8zh-MuiTouchRipple-root"
      />
    </a>
    <h3
      class="MuiTypography-root MuiTypography-subtitle1 css-1qwanmj-MuiTypography-root"
    >
      Estamos aquí para ayudarte, !Contáctanos!
    </h3>
    <img
      alt="buoy"
      class="MuiBox-root css-q2ms4q"
      src="helpWanted.svg"
    />
  </section>
  <footer
    class="MuiTypography-root MuiTypography-body1 css-19nql11-MuiTypography-root"
  >
    <div
      class="MuiContainer-root MuiContainer-maxWidthLg css-1wu66hi-MuiContainer-root"
    >
      <div
        class="MuiGrid-root MuiGrid-container MuiGrid-spacing-xs-5 css-1ld3b9g-MuiGrid-root"
      >
        <div
          class="MuiGrid-root MuiGrid-item MuiGrid-grid-xs-6 MuiGrid-grid-sm-4 MuiGrid-grid-md-3 css-1vm8tgf-MuiGrid-root"
        >
          <div
            class="MuiGrid-root MuiGrid-container MuiGrid-spacing-xs-2 MuiGrid-direction-xs-column css-1532ovy-MuiGrid-root"
          >
            <div
              class="MuiGrid-root MuiGrid-item css-15zuw48-MuiGrid-root"
            >
              <a
                class="MuiBox-root css-sh6kez"
                href="https://www.facebook.com/samyescobedoreyes"
                target="_blank"
              >
                <img
                  alt="Facebook"
                  height="auto"
                  src="facebookLogo.png"
                  width="100%"
                />
              </a>
              <a
                class="MuiBox-root css-sh6kez"
                href="https://instagram.com/lashairby"
              >
                <img
                  alt="Instagram"
                  height="auto"
                  src="instagramLogo.png"
                  width="100%"
                />
              </a>
            </div>
            <div
              class="MuiGrid-root MuiGrid-item css-13i4rnv-MuiGrid-root"
            >
              © 
              <a
                class="MuiTypography-root MuiTypography-inherit MuiLink-root MuiLink-underlineAlways css-1kgfegd-MuiTypography-root-MuiLink-root"
                href="https://lashairbysamy.com/"
                target="_blank"
              >
                LashairBySamy
              </a>
               
              2022
            </div>
          </div>
        </div>
        <div
          class="MuiGrid-root MuiGrid-item MuiGrid-grid-xs-6 MuiGrid-grid-sm-4 MuiGrid-grid-md-2 css-sd4llg-MuiGrid-root"
        >
          <h2
            class="MuiTypography-root MuiTypography-h6 MuiTypography-gutterBottom css-e3yg6t-MuiTypography-root"
          >
            Legal
            <span
              class="Typography-markedH6Left-4"
            />
          </h2>
          <ul
            class="MuiBox-root css-19brutj"
          >
            <li
              class="MuiBox-root css-mz9qt7"
            >
              <a
                class="MuiTypography-root MuiTypography-inherit MuiLink-root MuiLink-underlineAlways css-vni9fj-MuiTypography-root-MuiLink-root"
                href="/premium-themes/onepirate/terms/"
              >
                Terms
              </a>
            </li>
            <li
              class="MuiBox-root css-mz9qt7"
            >
              <a
                class="MuiTypography-root MuiTypography-inherit MuiLink-root MuiLink-underlineAlways css-vni9fj-MuiTypography-root-MuiLink-root"
                href="/premium-themes/onepirate/privacy/"
              >
                Privacy
              </a>
            </li>
          </ul>
        </div>
        <div
          class="MuiGrid-root MuiGrid-item MuiGrid-grid-xs-6 MuiGrid-grid-sm-8 MuiGrid-grid-md-4 css-x7u1a5-MuiGrid-root"
        >
          <h2
            class="MuiTypography-root MuiTypography-h6 MuiTypography-gutterBottom css-e3yg6t-MuiTypography-root"
          >
            Language
            <span
              class="Typography-markedH6Left-4"
            />
          </h2>
          <div
            class="MuiFormControl-root MuiTextField-root css-8icdyj-MuiFormControl-root-MuiTextField-root"
          >
            <div
              class="TextField-root-5 MuiInput-root MuiInputBase-root MuiInputBase-colorPrimary MuiInputBase-formControl css-1t82djz-MuiInputBase-root-MuiInput-root"
            >
              <select
                aria-invalid="false"
                class="TextField-select-14 MuiNativeSelect-select MuiNativeSelect-standard TextField-input-6 TextField-inputSizeMedium-10 TextField-inputBorder-7 MuiInput-input MuiInputBase-input css-1dmqq7i-MuiNativeSelect-select-MuiInputBase-input-MuiInput-input"
                id="mui-2"
              >
                <option
                  value="en-US"
                >
                  English
                </option>
                <option
                  value="fr-FR"
                >
                  Français
                </option>
              </select>
              <svg
                aria-hidden="true"
                class="MuiSvgIcon-root MuiSvgIcon-fontSizeMedium TextField-selectIcon-15 MuiNativeSelect-icon MuiNativeSelect-iconStandard css-10bey84-MuiSvgIcon-root-MuiNativeSelect-icon"
                data-testid="ArrowDropDownIcon"
                focusable="false"
                viewBox="0 0 24 24"
              >
                <path
                  d="M7 10l5 5 5-5z"
                />
              </svg>
            </div>
          </div>
        </div>
        <div
          class="MuiGrid-root MuiGrid-item css-13i4rnv-MuiGrid-root"
        >
          <span
            class="MuiTypography-root MuiTypography-caption css-ww6t1e-MuiTypography-root"
          >
            Visita nuestra redes sociales, dando click a los iconos de arriba
          </span>
        </div>
      </div>
    </div>
  </footer>
</div>
`;
